// Jest Snapshot v1, https://goo.gl/fbAQLP

exports[`работа Mobile 1`] = `
<div>
  <button
    id="all"
    name="all"
    onClick={[Function]}
  >
    Все
  </button>
  <button
    id="active"
    name="active"
    onClick={[Function]}
  >
    Активные
  </button>
  <button
    id="block"
    name="block"
    onClick={[Function]}
  >
    Заблокированные
  </button>
  <hr />
  <table
    className="Mobile"
  >
    <tbody>
      <tr
        className="Heading"
      >
        <th
          className="Head"
        >
          Фамилия
        </th>
        <th
          className="Head"
        >
          Имя
        </th>
        <th
          className="Head"
        >
          Отчество
        </th>
        <th
          className="Head"
        >
          Баланс
        </th>
        <th
          className="Head"
        >
          Статус
        </th>
        <th
          className="Head"
        >
          Редактировать
        </th>
        <th
          className="Head"
        >
          Удалить
        </th>
      </tr>
      <tr
        className="Npp"
      >
        <td
          className="NameClients"
        >
          Иванов
        </td>
        <td
          className="NameClients"
        >
          Иван
        </td>
        <td
          className="NameClients"
        >
          Иванович
        </td>
        <td
          className="Rest"
        >
          100
        </td>
        <td
          className="conditionactive"
        >
          active
        </td>
        <td>
          <input
            onClick={[Function]}
            type="button"
            value="редактировать"
          />
        </td>
        <td>
          <input
            disabled={false}
            onClick={[Function]}
            type="button"
            value="удалить"
          />
        </td>
      </tr>
      <tr
        className="Npp"
      >
        <td
          className="NameClients"
        >
          Сидоров
        </td>
        <td
          className="NameClients"
        >
          Сидор
        </td>
        <td
          className="NameClients"
        >
          Сидорович
        </td>
        <td
          className="Rest"
        >
          200
        </td>
        <td
          className="conditionactive"
        >
          active
        </td>
        <td>
          <input
            onClick={[Function]}
            type="button"
            value="редактировать"
          />
        </td>
        <td>
          <input
            disabled={false}
            onClick={[Function]}
            type="button"
            value="удалить"
          />
        </td>
      </tr>
      <tr
        className="Npp"
      >
        <td
          className="NameClients"
        >
          Петров
        </td>
        <td
          className="NameClients"
        >
          Петр
        </td>
        <td
          className="NameClients"
        >
          Петрович
        </td>
        <td
          className="Rest"
        >
          300
        </td>
        <td
          className="conditionactive"
        >
          active
        </td>
        <td>
          <input
            onClick={[Function]}
            type="button"
            value="редактировать"
          />
        </td>
        <td>
          <input
            disabled={false}
            onClick={[Function]}
            type="button"
            value="удалить"
          />
        </td>
      </tr>
      <tr
        className="Npp"
      >
        <td
          className="NameClients"
        >
          Васечкин
        </td>
        <td
          className="NameClients"
        >
          Василий
        </td>
        <td
          className="NameClients"
        >
          Васильевич
        </td>
        <td
          className="Rest"
        >
          400
        </td>
        <td
          className="conditionactive"
        >
          active
        </td>
        <td>
          <input
            onClick={[Function]}
            type="button"
            value="редактировать"
          />
        </td>
        <td>
          <input
            disabled={false}
            onClick={[Function]}
            type="button"
            value="удалить"
          />
        </td>
      </tr>
      <tr
        className="Npp"
      >
        <td
          className="NameClients"
        >
          Пупкин
        </td>
        <td
          className="NameClients"
        >
          Марк
        </td>
        <td
          className="NameClients"
        >
          Маркович
        </td>
        <td
          className="Rest"
        >
          500
        </td>
        <td
          className="conditionblock"
        >
          blocked
        </td>
        <td>
          <input
            onClick={[Function]}
            type="button"
            value="редактировать"
          />
        </td>
        <td>
          <input
            disabled={false}
            onClick={[Function]}
            type="button"
            value="удалить"
          />
        </td>
      </tr>
    </tbody>
  </table>
  <button
    id="addClient"
    name="addClient"
    onClick={[Function]}
  >
    Добавить клиента
  </button>
</div>
`;

exports[`работа Mobile 2`] = `
<div>
  <button
    id="all"
    name="all"
    onClick={[Function]}
  >
    Все
  </button>
  <button
    id="active"
    name="active"
    onClick={[Function]}
  >
    Активные
  </button>
  <button
    id="block"
    name="block"
    onClick={[Function]}
  >
    Заблокированные
  </button>
  <hr />
  <table
    className="Mobile"
  >
    <tbody>
      <tr
        className="Heading"
      >
        <th
          className="Head"
        >
          Фамилия
        </th>
        <th
          className="Head"
        >
          Имя
        </th>
        <th
          className="Head"
        >
          Отчество
        </th>
        <th
          className="Head"
        >
          Баланс
        </th>
        <th
          className="Head"
        >
          Статус
        </th>
        <th
          className="Head"
        >
          Редактировать
        </th>
        <th
          className="Head"
        >
          Удалить
        </th>
      </tr>
      <tr
        className="Npp"
      >
        <td
          className="NameClients"
        >
          Иванов
        </td>
        <td
          className="NameClients"
        >
          Иван
        </td>
        <td
          className="NameClients"
        >
          Иванович
        </td>
        <td
          className="Rest"
        >
          100
        </td>
        <td
          className="conditionactive"
        >
          active
        </td>
        <td>
          <input
            onClick={[Function]}
            type="button"
            value="редактировать"
          />
        </td>
        <td>
          <input
            disabled={false}
            onClick={[Function]}
            type="button"
            value="удалить"
          />
        </td>
      </tr>
      <tr
        className="Npp"
      >
        <td
          className="NameClients"
        >
          Сидоров
        </td>
        <td
          className="NameClients"
        >
          Сидор
        </td>
        <td
          className="NameClients"
        >
          Сидорович
        </td>
        <td
          className="Rest"
        >
          200
        </td>
        <td
          className="conditionactive"
        >
          active
        </td>
        <td>
          <input
            onClick={[Function]}
            type="button"
            value="редактировать"
          />
        </td>
        <td>
          <input
            disabled={false}
            onClick={[Function]}
            type="button"
            value="удалить"
          />
        </td>
      </tr>
      <tr
        className="Npp"
      >
        <td
          className="NameClients"
        >
          Петров
        </td>
        <td
          className="NameClients"
        >
          Петр
        </td>
        <td
          className="NameClients"
        >
          Петрович
        </td>
        <td
          className="Rest"
        >
          300
        </td>
        <td
          className="conditionactive"
        >
          active
        </td>
        <td>
          <input
            onClick={[Function]}
            type="button"
            value="редактировать"
          />
        </td>
        <td>
          <input
            disabled={false}
            onClick={[Function]}
            type="button"
            value="удалить"
          />
        </td>
      </tr>
      <tr
        className="Npp"
      >
        <td
          className="NameClients"
        >
          Васечкин
        </td>
        <td
          className="NameClients"
        >
          Василий
        </td>
        <td
          className="NameClients"
        >
          Васильевич
        </td>
        <td
          className="Rest"
        >
          400
        </td>
        <td
          className="conditionactive"
        >
          active
        </td>
        <td>
          <input
            onClick={[Function]}
            type="button"
            value="редактировать"
          />
        </td>
        <td>
          <input
            disabled={false}
            onClick={[Function]}
            type="button"
            value="удалить"
          />
        </td>
      </tr>
      <tr
        className="Npp"
      >
        <td
          className="NameClients"
        >
          Пупкин
        </td>
        <td
          className="NameClients"
        >
          Марк
        </td>
        <td
          className="NameClients"
        >
          Маркович
        </td>
        <td
          className="Rest"
        >
          500
        </td>
        <td
          className="conditionblock"
        >
          blocked
        </td>
        <td>
          <input
            onClick={[Function]}
            type="button"
            value="редактировать"
          />
        </td>
        <td>
          <input
            disabled={false}
            onClick={[Function]}
            type="button"
            value="удалить"
          />
        </td>
      </tr>
    </tbody>
  </table>
  <button
    id="addClient"
    name="addClient"
    onClick={[Function]}
  >
    Добавить клиента
  </button>
</div>
`;

exports[`работа Mobile 3`] = `
<div>
  <button
    id="all"
    name="all"
    onClick={[Function]}
  >
    Все
  </button>
  <button
    id="active"
    name="active"
    onClick={[Function]}
  >
    Активные
  </button>
  <button
    id="block"
    name="block"
    onClick={[Function]}
  >
    Заблокированные
  </button>
  <hr />
  <table
    className="Mobile"
  >
    <tbody>
      <tr
        className="Heading"
      >
        <th
          className="Head"
        >
          Фамилия
        </th>
        <th
          className="Head"
        >
          Имя
        </th>
        <th
          className="Head"
        >
          Отчество
        </th>
        <th
          className="Head"
        >
          Баланс
        </th>
        <th
          className="Head"
        >
          Статус
        </th>
        <th
          className="Head"
        >
          Редактировать
        </th>
        <th
          className="Head"
        >
          Удалить
        </th>
      </tr>
      <tr
        className="Npp"
      >
        <td
          className="NameClients"
        >
          Иванов
        </td>
        <td
          className="NameClients"
        >
          Иван
        </td>
        <td
          className="NameClients"
        >
          Иванович
        </td>
        <td
          className="Rest"
        >
          100
        </td>
        <td
          className="conditionactive"
        >
          active
        </td>
        <td>
          <input
            onClick={[Function]}
            type="button"
            value="редактировать"
          />
        </td>
        <td>
          <input
            disabled={false}
            onClick={[Function]}
            type="button"
            value="удалить"
          />
        </td>
      </tr>
      <tr
        className="Npp"
      >
        <td
          className="NameClients"
        >
          Сидоров
        </td>
        <td
          className="NameClients"
        >
          Сидор
        </td>
        <td
          className="NameClients"
        >
          Сидорович
        </td>
        <td
          className="Rest"
        >
          200
        </td>
        <td
          className="conditionactive"
        >
          active
        </td>
        <td>
          <input
            onClick={[Function]}
            type="button"
            value="редактировать"
          />
        </td>
        <td>
          <input
            disabled={false}
            onClick={[Function]}
            type="button"
            value="удалить"
          />
        </td>
      </tr>
      <tr
        className="Npp"
      >
        <td
          className="NameClients"
        >
          Петров
        </td>
        <td
          className="NameClients"
        >
          Петр
        </td>
        <td
          className="NameClients"
        >
          Петрович
        </td>
        <td
          className="Rest"
        >
          300
        </td>
        <td
          className="conditionactive"
        >
          active
        </td>
        <td>
          <input
            onClick={[Function]}
            type="button"
            value="редактировать"
          />
        </td>
        <td>
          <input
            disabled={false}
            onClick={[Function]}
            type="button"
            value="удалить"
          />
        </td>
      </tr>
      <tr
        className="Npp"
      >
        <td
          className="NameClients"
        >
          Васечкин
        </td>
        <td
          className="NameClients"
        >
          Василий
        </td>
        <td
          className="NameClients"
        >
          Васильевич
        </td>
        <td
          className="Rest"
        >
          400
        </td>
        <td
          className="conditionactive"
        >
          active
        </td>
        <td>
          <input
            onClick={[Function]}
            type="button"
            value="редактировать"
          />
        </td>
        <td>
          <input
            disabled={false}
            onClick={[Function]}
            type="button"
            value="удалить"
          />
        </td>
      </tr>
      <tr
        className="Npp"
      >
        <td
          className="NameClients"
        >
          Пупкин
        </td>
        <td
          className="NameClients"
        >
          Марк
        </td>
        <td
          className="NameClients"
        >
          Маркович
        </td>
        <td
          className="Rest"
        >
          500
        </td>
        <td
          className="conditionblock"
        >
          blocked
        </td>
        <td>
          <input
            onClick={[Function]}
            type="button"
            value="редактировать"
          />
        </td>
        <td>
          <input
            disabled={false}
            onClick={[Function]}
            type="button"
            value="удалить"
          />
        </td>
      </tr>
    </tbody>
  </table>
  <button
    id="addClient"
    name="addClient"
    onClick={[Function]}
  >
    Добавить клиента
  </button>
</div>
`;
